// Jest Snapshot v1, https://goo.gl/fbAQLP

exports[`NavbarDropdownList renders the component with props 1`] = `
.c0 {
  position: relative;
  z-index: 1;
  margin: 12px 0 12px;
  padding: 0;
  list-style-type: none;
  border-bottom: 1px solid #EFEFEF;
  border: 2px solid red;
}

@media (min-width:1280px) {
  .c0 {
    position: absolute;
    left: 50%;
    top: 85px;
    background-color: #FFFFFF;
    box-shadow: 0px 1px 0px 1px #D4D7D9;
    border: 1px solid #EFEFEF;
    border-top: 0;
    border-radius: 0px 0px 10px 10px;
    min-width: 70vw;
    height: 338px;
    margin: 0;
    padding: 48px 38px;
    -webkit-transition: opacity 0.3s,-webkit-transform 0.3s,visibility 0.3s;
    -webkit-transition: opacity 0.3s,transform 0.3s,visibility 0.3s;
    transition: opacity 0.3s,transform 0.3s,visibility 0.3s;
    opacity: 1;
    visibility: visible;
    -webkit-transform: translate(-50%,0%);
    -ms-transform: translate(-50%,0%);
    transform: translate(-50%,0%);
  }
}

<div
  class="c0"
  open=""
>
  list
</div>
`;
